{
  "err": null,
  "input": {
    "NextToken": null,
    "StackName": "stastest-no-change-%SCENARIO_ID%"
  },
  "output": {
    "NextToken": null,
    "Stacks": [
      {
        "Capabilities": null,
        "ChangeSetId": "arn:aws:cloudformation:%AWS_REGION%:%AWS_ACC_ID%:changeSet/%CHST_ID%/b285da54-e0b4-4721-a93b-3b450024ff16",
        "CreationTime": "2022-02-15T11:33:44.033Z",
        "DeletionTime": null,
        "Description": null,
        "DisableRollback": false,
        "DriftInformation": {
          "LastCheckTimestamp": null,
          "StackDriftStatus": "NOT_CHECKED"
        },
        "EnableTerminationProtection": false,
        "LastUpdatedTime": "2022-02-15T11:33:48.78Z",
        "NotificationARNs": null,
        "Outputs": null,
        "Parameters": null,
        "ParentId": null,
        "RoleARN": null,
        "RollbackConfiguration": {
          "MonitoringTimeInMinutes": null,
          "RollbackTriggers": null
        },
        "RootId": null,
        "StackId": "arn:aws:cloudformation:%AWS_REGION%:%AWS_ACC_ID%:stack/stastest-no-change-%SCENARIO_ID%/21a82460-8e53-11ec-98d7-06d02ee28d33",
        "StackName": "stastest-no-change-%SCENARIO_ID%",
        "StackStatus": "CREATE_COMPLETE",
        "StackStatusReason": null,
        "Tags": [
          {
            "Key": "STAS_TEST",
            "Value": "%FEATURE_ID%"
          }
        ],
        "TimeoutInMinutes": null
      }
    ]
  }
}