{
  "err": null,
  "input": {
    "ClientRequestToken": null,
    "RetainResources": null,
    "RoleARN": null,
    "StackName": "stastest-json-yaml-diff-%SCENARIO_ID%"
  },
  "output": {}
}