{
  "err": null,
  "input": {
    "NextToken": null,
    "StackName": "stastest-no-change-%SCENARIO_ID%"
  },
  "output": {
    "NextToken": null,
    "StackEvents": [
      {
        "ClientRequestToken": null,
        "EventId": "2ba0f000-8e53-11ec-a803-02576ed30557",
        "LogicalResourceId": "stastest-no-change-%SCENARIO_ID%",
        "PhysicalResourceId": "arn:aws:cloudformation:%AWS_REGION%:%AWS_ACC_ID%:stack/stastest-no-change-%SCENARIO_ID%/21a82460-8e53-11ec-98d7-06d02ee28d33",
        "ResourceProperties": null,
        "ResourceStatus": "CREATE_COMPLETE",
        "ResourceStatusReason": null,
        "ResourceType": "AWS::CloudFormation::Stack",
        "StackId": "arn:aws:cloudformation:%AWS_REGION%:%AWS_ACC_ID%:stack/stastest-no-change-%SCENARIO_ID%/21a82460-8e53-11ec-98d7-06d02ee28d33",
        "StackName": "stastest-no-change-%SCENARIO_ID%",
        "Timestamp": "2022-02-15T11:34:00.69Z"
      },
      {
        "ClientRequestToken": null,
        "EventId": "EcsCluster-CREATE_COMPLETE-2022-02-15T11:33:59.599Z",
        "LogicalResourceId": "EcsCluster",
        "PhysicalResourceId": "stastest-no-change-%SCENARIO_ID%",
        "ResourceProperties": "{\"ClusterName\":\"stastest-no-change-%SCENARIO_ID%\",\"Tags\":[{\"Value\":\"some long string that can take two lines\",\"Key\":\"SOME_TAG\"}]}",
        "ResourceStatus": "CREATE_COMPLETE",
        "ResourceStatusReason": null,
        "ResourceType": "AWS::ECS::Cluster",
        "StackId": "arn:aws:cloudformation:%AWS_REGION%:%AWS_ACC_ID%:stack/stastest-no-change-%SCENARIO_ID%/21a82460-8e53-11ec-98d7-06d02ee28d33",
        "StackName": "stastest-no-change-%SCENARIO_ID%",
        "Timestamp": "2022-02-15T11:33:59.599Z"
      },
      {
        "ClientRequestToken": null,
        "EventId": "EcsCluster-CREATE_IN_PROGRESS-2022-02-15T11:33:55.348Z",
        "LogicalResourceId": "EcsCluster",
        "PhysicalResourceId": "stastest-no-change-%SCENARIO_ID%",
        "ResourceProperties": "{\"ClusterName\":\"stastest-no-change-%SCENARIO_ID%\",\"Tags\":[{\"Value\":\"some long string that can take two lines\",\"Key\":\"SOME_TAG\"}]}",
        "ResourceStatus": "CREATE_IN_PROGRESS",
        "ResourceStatusReason": "Resource creation Initiated",
        "ResourceType": "AWS::ECS::Cluster",
        "StackId": "arn:aws:cloudformation:%AWS_REGION%:%AWS_ACC_ID%:stack/stastest-no-change-%SCENARIO_ID%/21a82460-8e53-11ec-98d7-06d02ee28d33",
        "StackName": "stastest-no-change-%SCENARIO_ID%",
        "Timestamp": "2022-02-15T11:33:55.348Z"
      },
      {
        "ClientRequestToken": null,
        "EventId": "EcsCluster-CREATE_IN_PROGRESS-2022-02-15T11:33:53.629Z",
        "LogicalResourceId": "EcsCluster",
        "PhysicalResourceId": "",
        "ResourceProperties": "{\"ClusterName\":\"stastest-no-change-%SCENARIO_ID%\",\"Tags\":[{\"Value\":\"some long string that can take two lines\",\"Key\":\"SOME_TAG\"}]}",
        "ResourceStatus": "CREATE_IN_PROGRESS",
        "ResourceStatusReason": null,
        "ResourceType": "AWS::ECS::Cluster",
        "StackId": "arn:aws:cloudformation:%AWS_REGION%:%AWS_ACC_ID%:stack/stastest-no-change-%SCENARIO_ID%/21a82460-8e53-11ec-98d7-06d02ee28d33",
        "StackName": "stastest-no-change-%SCENARIO_ID%",
        "Timestamp": "2022-02-15T11:33:53.629Z"
      },
      {
        "ClientRequestToken": null,
        "EventId": "2486b340-8e53-11ec-bebe-068424fffd11",
        "LogicalResourceId": "stastest-no-change-%SCENARIO_ID%",
        "PhysicalResourceId": "arn:aws:cloudformation:%AWS_REGION%:%AWS_ACC_ID%:stack/stastest-no-change-%SCENARIO_ID%/21a82460-8e53-11ec-98d7-06d02ee28d33",
        "ResourceProperties": null,
        "ResourceStatus": "CREATE_IN_PROGRESS",
        "ResourceStatusReason": "User Initiated",
        "ResourceType": "AWS::CloudFormation::Stack",
        "StackId": "arn:aws:cloudformation:%AWS_REGION%:%AWS_ACC_ID%:stack/stastest-no-change-%SCENARIO_ID%/21a82460-8e53-11ec-98d7-06d02ee28d33",
        "StackName": "stastest-no-change-%SCENARIO_ID%",
        "Timestamp": "2022-02-15T11:33:48.78Z"
      },
      {
        "ClientRequestToken": null,
        "EventId": "21a7d640-8e53-11ec-98d7-06d02ee28d33",
        "LogicalResourceId": "stastest-no-change-%SCENARIO_ID%",
        "PhysicalResourceId": "arn:aws:cloudformation:%AWS_REGION%:%AWS_ACC_ID%:stack/stastest-no-change-%SCENARIO_ID%/21a82460-8e53-11ec-98d7-06d02ee28d33",
        "ResourceProperties": null,
        "ResourceStatus": "REVIEW_IN_PROGRESS",
        "ResourceStatusReason": "User Initiated",
        "ResourceType": "AWS::CloudFormation::Stack",
        "StackId": "arn:aws:cloudformation:%AWS_REGION%:%AWS_ACC_ID%:stack/stastest-no-change-%SCENARIO_ID%/21a82460-8e53-11ec-98d7-06d02ee28d33",
        "StackName": "stastest-no-change-%SCENARIO_ID%",
        "Timestamp": "2022-02-15T11:33:44.033Z"
      }
    ]
  }
}