{
  "err": null,
  "input": {
    "NextToken": null,
    "StackName": "stastest-json-yaml-diff-%SCENARIO_ID%"
  },
  "output": {
    "NextToken": null,
    "StackEvents": [
      {
        "ClientRequestToken": null,
        "EventId": "36645ea0-8e53-11ec-bb88-0a142e5bd38f",
        "LogicalResourceId": "stastest-json-yaml-diff-%SCENARIO_ID%",
        "PhysicalResourceId": "arn:aws:cloudformation:%AWS_REGION%:%AWS_ACC_ID%:stack/stastest-json-yaml-diff-%SCENARIO_ID%/2d919c70-8e53-11ec-bde4-021c792de899",
        "ResourceProperties": null,
        "ResourceStatus": "CREATE_COMPLETE",
        "ResourceStatusReason": null,
        "ResourceType": "AWS::CloudFormation::Stack",
        "StackId": "arn:aws:cloudformation:%AWS_REGION%:%AWS_ACC_ID%:stack/stastest-json-yaml-diff-%SCENARIO_ID%/2d919c70-8e53-11ec-bde4-021c792de899",
        "StackName": "stastest-json-yaml-diff-%SCENARIO_ID%",
        "Timestamp": "2022-02-15T11:34:18.751Z"
      },
      {
        "ClientRequestToken": null,
        "EventId": "EcsCluster-CREATE_COMPLETE-2022-02-15T11:34:17.802Z",
        "LogicalResourceId": "EcsCluster",
        "PhysicalResourceId": "stastest-json-yaml-diff-%SCENARIO_ID%",
        "ResourceProperties": "{\"ClusterName\":\"stastest-json-yaml-diff-%SCENARIO_ID%\",\"Tags\":[{\"Value\":\"some value\",\"Key\":\"SOME_TAG\"}]}",
        "ResourceStatus": "CREATE_COMPLETE",
        "ResourceStatusReason": null,
        "ResourceType": "AWS::ECS::Cluster",
        "StackId": "arn:aws:cloudformation:%AWS_REGION%:%AWS_ACC_ID%:stack/stastest-json-yaml-diff-%SCENARIO_ID%/2d919c70-8e53-11ec-bde4-021c792de899",
        "StackName": "stastest-json-yaml-diff-%SCENARIO_ID%",
        "Timestamp": "2022-02-15T11:34:17.802Z"
      },
      {
        "ClientRequestToken": null,
        "EventId": "EcsCluster-CREATE_IN_PROGRESS-2022-02-15T11:34:13.643Z",
        "LogicalResourceId": "EcsCluster",
        "PhysicalResourceId": "stastest-json-yaml-diff-%SCENARIO_ID%",
        "ResourceProperties": "{\"ClusterName\":\"stastest-json-yaml-diff-%SCENARIO_ID%\",\"Tags\":[{\"Value\":\"some value\",\"Key\":\"SOME_TAG\"}]}",
        "ResourceStatus": "CREATE_IN_PROGRESS",
        "ResourceStatusReason": "Resource creation Initiated",
        "ResourceType": "AWS::ECS::Cluster",
        "StackId": "arn:aws:cloudformation:%AWS_REGION%:%AWS_ACC_ID%:stack/stastest-json-yaml-diff-%SCENARIO_ID%/2d919c70-8e53-11ec-bde4-021c792de899",
        "StackName": "stastest-json-yaml-diff-%SCENARIO_ID%",
        "Timestamp": "2022-02-15T11:34:13.643Z"
      },
      {
        "ClientRequestToken": null,
        "EventId": "EcsCluster-CREATE_IN_PROGRESS-2022-02-15T11:34:12.195Z",
        "LogicalResourceId": "EcsCluster",
        "PhysicalResourceId": "",
        "ResourceProperties": "{\"ClusterName\":\"stastest-json-yaml-diff-%SCENARIO_ID%\",\"Tags\":[{\"Value\":\"some value\",\"Key\":\"SOME_TAG\"}]}",
        "ResourceStatus": "CREATE_IN_PROGRESS",
        "ResourceStatusReason": null,
        "ResourceType": "AWS::ECS::Cluster",
        "StackId": "arn:aws:cloudformation:%AWS_REGION%:%AWS_ACC_ID%:stack/stastest-json-yaml-diff-%SCENARIO_ID%/2d919c70-8e53-11ec-bde4-021c792de899",
        "StackName": "stastest-json-yaml-diff-%SCENARIO_ID%",
        "Timestamp": "2022-02-15T11:34:12.195Z"
      },
      {
        "ClientRequestToken": null,
        "EventId": "3077cc70-8e53-11ec-b9b7-062cb70e60c9",
        "LogicalResourceId": "stastest-json-yaml-diff-%SCENARIO_ID%",
        "PhysicalResourceId": "arn:aws:cloudformation:%AWS_REGION%:%AWS_ACC_ID%:stack/stastest-json-yaml-diff-%SCENARIO_ID%/2d919c70-8e53-11ec-bde4-021c792de899",
        "ResourceProperties": null,
        "ResourceStatus": "CREATE_IN_PROGRESS",
        "ResourceStatusReason": "User Initiated",
        "ResourceType": "AWS::CloudFormation::Stack",
        "StackId": "arn:aws:cloudformation:%AWS_REGION%:%AWS_ACC_ID%:stack/stastest-json-yaml-diff-%SCENARIO_ID%/2d919c70-8e53-11ec-bde4-021c792de899",
        "StackName": "stastest-json-yaml-diff-%SCENARIO_ID%",
        "Timestamp": "2022-02-15T11:34:08.815Z"
      },
      {
        "ClientRequestToken": null,
        "EventId": "2d914e50-8e53-11ec-bde4-021c792de899",
        "LogicalResourceId": "stastest-json-yaml-diff-%SCENARIO_ID%",
        "PhysicalResourceId": "arn:aws:cloudformation:%AWS_REGION%:%AWS_ACC_ID%:stack/stastest-json-yaml-diff-%SCENARIO_ID%/2d919c70-8e53-11ec-bde4-021c792de899",
        "ResourceProperties": null,
        "ResourceStatus": "REVIEW_IN_PROGRESS",
        "ResourceStatusReason": "User Initiated",
        "ResourceType": "AWS::CloudFormation::Stack",
        "StackId": "arn:aws:cloudformation:%AWS_REGION%:%AWS_ACC_ID%:stack/stastest-json-yaml-diff-%SCENARIO_ID%/2d919c70-8e53-11ec-bde4-021c792de899",
        "StackName": "stastest-json-yaml-diff-%SCENARIO_ID%",
        "Timestamp": "2022-02-15T11:34:04.006Z"
      }
    ]
  }
}