{
  "err": null,
  "input": {
    "NextToken": null,
    "StackName": null
  },
  "output": {
    "NextToken": null,
    "Stacks": [
      {
        "Capabilities": null,
        "ChangeSetId": "arn:aws:cloudformation:%AWS_REGION%:%AWS_ACC_ID%:changeSet/%CHST_ID%/1cc65d80-11de-4b86-82bb-636f1511a471",
        "CreationTime": "2022-02-15T11:34:04.006Z",
        "DeletionTime": null,
        "Description": null,
        "DisableRollback": false,
        "DriftInformation": {
          "LastCheckTimestamp": null,
          "StackDriftStatus": "NOT_CHECKED"
        },
        "EnableTerminationProtection": null,
        "LastUpdatedTime": "2022-02-15T11:34:08.815Z",
        "NotificationARNs": null,
        "Outputs": null,
        "Parameters": null,
        "ParentId": null,
        "RoleARN": null,
        "RollbackConfiguration": {
          "MonitoringTimeInMinutes": null,
          "RollbackTriggers": null
        },
        "RootId": null,
        "StackId": "arn:aws:cloudformation:%AWS_REGION%:%AWS_ACC_ID%:stack/stastest-json-yaml-diff-%SCENARIO_ID%/2d919c70-8e53-11ec-bde4-021c792de899",
        "StackName": "stastest-json-yaml-diff-%SCENARIO_ID%",
        "StackStatus": "CREATE_COMPLETE",
        "StackStatusReason": null,
        "Tags": [
          {
            "Key": "STAS_TEST",
            "Value": "%FEATURE_ID%"
          }
        ],
        "TimeoutInMinutes": null
      },
      {
        "Capabilities": null,
        "ChangeSetId": "arn:aws:cloudformation:%AWS_REGION%:%AWS_ACC_ID%:changeSet/chst-1644924823731072555/b285da54-e0b4-4721-a93b-3b450024ff16",
        "CreationTime": "2022-02-15T11:33:44.033Z",
        "DeletionTime": null,
        "Description": null,
        "DisableRollback": false,
        "DriftInformation": {
          "LastCheckTimestamp": null,
          "StackDriftStatus": "NOT_CHECKED"
        },
        "EnableTerminationProtection": null,
        "LastUpdatedTime": "2022-02-15T11:33:48.78Z",
        "NotificationARNs": null,
        "Outputs": null,
        "Parameters": null,
        "ParentId": null,
        "RoleARN": null,
        "RollbackConfiguration": {
          "MonitoringTimeInMinutes": null,
          "RollbackTriggers": null
        },
        "RootId": null,
        "StackId": "arn:aws:cloudformation:%AWS_REGION%:%AWS_ACC_ID%:stack/stastest-no-change-diff-stack-with-no-real-changes--only-yaml-stylistic-changes--8692882408407181829/21a82460-8e53-11ec-98d7-06d02ee28d33",
        "StackName": "stastest-no-change-diff-stack-with-no-real-changes--only-yaml-stylistic-changes--8692882408407181829",
        "StackStatus": "CREATE_COMPLETE",
        "StackStatusReason": null,
        "Tags": [
          {
            "Key": "STAS_TEST",
            "Value": "%FEATURE_ID%"
          }
        ],
        "TimeoutInMinutes": null
      },
      {
        "Capabilities": null,
        "ChangeSetId": "arn:aws:cloudformation:%AWS_REGION%:%AWS_ACC_ID%:changeSet/awscli-cloudformation-package-deploy-1593181738/b2570498-b2a2-4954-af4c-92732d985c2d",
        "CreationTime": "2020-06-26T14:28:56.666Z",
        "DeletionTime": null,
        "Description": null,
        "DisableRollback": false,
        "DriftInformation": {
          "LastCheckTimestamp": null,
          "StackDriftStatus": "NOT_CHECKED"
        },
        "EnableTerminationProtection": null,
        "LastUpdatedTime": "2020-06-26T14:29:02.716Z",
        "NotificationARNs": null,
        "Outputs": null,
        "Parameters": null,
        "ParentId": null,
        "RoleARN": null,
        "RollbackConfiguration": {
          "MonitoringTimeInMinutes": null,
          "RollbackTriggers": null
        },
        "RootId": null,
        "StackId": "arn:aws:cloudformation:%AWS_REGION%:%AWS_ACC_ID%:stack/demo/5e3dc280-b7b9-11ea-8dc5-02c03455965c",
        "StackName": "demo",
        "StackStatus": "CREATE_COMPLETE",
        "StackStatusReason": null,
        "Tags": null,
        "TimeoutInMinutes": null
      },
      {
        "Capabilities": [
          "CAPABILITY_IAM",
          "CAPABILITY_NAMED_IAM"
        ],
        "ChangeSetId": null,
        "CreationTime": "2020-03-17T10:45:11.918Z",
        "DeletionTime": null,
        "Description": "The AWS CloudFormation template for this Serverless application",
        "DisableRollback": false,
        "DriftInformation": {
          "LastCheckTimestamp": null,
          "StackDriftStatus": "NOT_CHECKED"
        },
        "EnableTerminationProtection": null,
        "LastUpdatedTime": "2020-05-05T12:11:47.776Z",
        "NotificationARNs": null,
        "Outputs": [
          {
            "Description": "Current Lambda function version",
            "ExportName": null,
            "OutputKey": "CronLambdaFunctionQualifiedArn",
            "OutputValue": "arn:aws:lambda:%AWS_REGION%:%AWS_ACC_ID%:function:wbm-crawler-dev-cron:4"
          },
          {
            "Description": null,
            "ExportName": null,
            "OutputKey": "ServerlessDeploymentBucketName",
            "OutputValue": "wbm-crawler-dev-serverlessdeploymentbucket-u7gfe5kmae00"
          }
        ],
        "Parameters": null,
        "ParentId": null,
        "RoleARN": null,
        "RollbackConfiguration": {
          "MonitoringTimeInMinutes": null,
          "RollbackTriggers": null
        },
        "RootId": null,
        "StackId": "arn:aws:cloudformation:%AWS_REGION%:%AWS_ACC_ID%:stack/wbm-crawler-dev/60bdcf40-683c-11ea-b717-06ebe7208a7c",
        "StackName": "wbm-crawler-dev",
        "StackStatus": "UPDATE_COMPLETE",
        "StackStatusReason": null,
        "Tags": [
          {
            "Key": "STAGE",
            "Value": "dev"
          }
        ],
        "TimeoutInMinutes": null
      }
    ]
  }
}