{
  "err": null,
  "input": {
    "ChangeSetName": "arn:aws:cloudformation:%AWS_REGION%:%AWS_ACC_ID%:changeSet/%CHST_ID%/1cc65d80-11de-4b86-82bb-636f1511a471",
    "NextToken": null,
    "StackName": null
  },
  "output": {
    "Capabilities": null,
    "ChangeSetId": "arn:aws:cloudformation:%AWS_REGION%:%AWS_ACC_ID%:changeSet/%CHST_ID%/1cc65d80-11de-4b86-82bb-636f1511a471",
    "ChangeSetName": "%CHST_ID%",
    "Changes": [
      {
        "ResourceChange": {
          "Action": "Add",
          "Details": null,
          "LogicalResourceId": "EcsCluster",
          "PhysicalResourceId": null,
          "Replacement": null,
          "ResourceType": "AWS::ECS::Cluster",
          "Scope": null
        },
        "Type": "Resource"
      }
    ],
    "CreationTime": "2022-02-15T11:34:04.006Z",
    "Description": null,
    "ExecutionStatus": "AVAILABLE",
    "NextToken": null,
    "NotificationARNs": null,
    "Parameters": null,
    "RollbackConfiguration": {
      "MonitoringTimeInMinutes": null,
      "RollbackTriggers": null
    },
    "StackId": "arn:aws:cloudformation:%AWS_REGION%:%AWS_ACC_ID%:stack/stastest-json-yaml-diff-%SCENARIO_ID%/2d919c70-8e53-11ec-bde4-021c792de899",
    "StackName": "stastest-json-yaml-diff-%SCENARIO_ID%",
    "Status": "CREATE_COMPLETE",
    "StatusReason": null,
    "Tags": [
      {
        "Key": "STAS_TEST",
        "Value": "%FEATURE_ID%"
      }
    ]
  }
}