{
  "err": null,
  "input": {
    "ChangeSetName": null,
    "StackName": "stastest-json-yaml-diff-%SCENARIO_ID%",
    "TemplateStage": null
  },
  "output": {
    "StagesAvailable": [
      "Original",
      "Processed"
    ],
    "TemplateBody": "Resources:\n  EcsCluster:\n    Type: AWS::ECS::Cluster\n    Properties:\n      ClusterName: stastest-json-yaml-diff-%SCENARIO_ID%\n      Tags:\n        - Key: SOME_TAG\n          Value: some value"
  }
}