{
  "err": null,
  "input": {
    "NextToken": null,
    "StackName": "stastest-no-change-%SCENARIO_ID%"
  },
  "output": {
    "NextToken": null,
    "StackEvents": [
      {
        "ClientRequestToken": null,
        "EventId": "21a7d640-8e53-11ec-98d7-06d02ee28d33",
        "LogicalResourceId": "stastest-no-change-%SCENARIO_ID%",
        "PhysicalResourceId": "arn:aws:cloudformation:%AWS_REGION%:%AWS_ACC_ID%:stack/stastest-no-change-%SCENARIO_ID%/21a82460-8e53-11ec-98d7-06d02ee28d33",
        "ResourceProperties": null,
        "ResourceStatus": "REVIEW_IN_PROGRESS",
        "ResourceStatusReason": "User Initiated",
        "ResourceType": "AWS::CloudFormation::Stack",
        "StackId": "arn:aws:cloudformation:%AWS_REGION%:%AWS_ACC_ID%:stack/stastest-no-change-%SCENARIO_ID%/21a82460-8e53-11ec-98d7-06d02ee28d33",
        "StackName": "stastest-no-change-%SCENARIO_ID%",
        "Timestamp": "2022-02-15T11:33:44.033Z"
      }
    ]
  }
}