{
  "err": null,
  "input": {
    "ChangeSetName": "arn:aws:cloudformation:%AWS_REGION%:%AWS_ACC_ID%:changeSet/%CHST_ID%/1cc65d80-11de-4b86-82bb-636f1511a471",
    "ClientRequestToken": null,
    "StackName": null
  },
  "output": {}
}