{
  "err": null,
  "input": {
    "Capabilities": [],
    "ChangeSetName": "%CHST_ID%",
    "ChangeSetType": "CREATE",
    "ClientToken": null,
    "Description": null,
    "NotificationARNs": null,
    "Parameters": null,
    "ResourceTypes": null,
    "ResourcesToImport": null,
    "RoleARN": null,
    "RollbackConfiguration": null,
    "StackName": "stastest-json-yaml-diff-%SCENARIO_ID%",
    "Tags": [
      {
        "Key": "STAS_TEST",
        "Value": "%FEATURE_ID%"
      }
    ],
    "TemplateBody": "Resources:\n  EcsCluster:\n    Type: AWS::ECS::Cluster\n    Properties:\n      ClusterName: stastest-json-yaml-diff-%SCENARIO_ID%\n      Tags:\n        - Key: SOME_TAG\n          Value: some value",
    "TemplateURL": null,
    "UsePreviousTemplate": null
  },
  "output": {
    "Id": "arn:aws:cloudformation:%AWS_REGION%:%AWS_ACC_ID%:changeSet/%CHST_ID%/1cc65d80-11de-4b86-82bb-636f1511a471",
    "StackId": "arn:aws:cloudformation:%AWS_REGION%:%AWS_ACC_ID%:stack/stastest-json-yaml-diff-%SCENARIO_ID%/2d919c70-8e53-11ec-bde4-021c792de899"
  }
}